Archive member included to satisfy reference by file (symbol)

c:/program files (x86)/atmel/studio/7.0/toolchain/avr8/avr8-gnu-toolchain/bin/../lib/gcc/avr/4.9.2/avr5\libgcc.a(_divmodhi4.o)
                              main.o (__divmodhi4)
c:/program files (x86)/atmel/studio/7.0/toolchain/avr8/avr8-gnu-toolchain/bin/../lib/gcc/avr/4.9.2/avr5\libgcc.a(_exit.o)
                              C:/Program Files (x86)/Atmel/Studio/7.0/Packs/atmel/ATmega_DFP/1.1.130/gcc/dev/atmega325/avr5/crtatmega325.o (exit)
c:/program files (x86)/atmel/studio/7.0/toolchain/avr8/avr8-gnu-toolchain/bin/../lib/gcc/avr/4.9.2/avr5\libgcc.a(_tablejump2.o)
                              main.o (__tablejump2__)
c:/program files (x86)/atmel/studio/7.0/toolchain/avr8/avr8-gnu-toolchain/bin/../lib/gcc/avr/4.9.2/avr5\libgcc.a(_copy_data.o)
                              main.o (__do_copy_data)
c:/program files (x86)/atmel/studio/7.0/toolchain/avr8/avr8-gnu-toolchain/bin/../lib/gcc/avr/4.9.2/avr5\libgcc.a(_clear_bss.o)
                              main.o (__do_clear_bss)
c:/program files (x86)/atmel/studio/7.0/toolchain/avr8/avr8-gnu-toolchain/bin/../lib/gcc/avr/4.9.2/avr5\libgcc.a(_udivmodhi4.o)
                              c:/program files (x86)/atmel/studio/7.0/toolchain/avr8/avr8-gnu-toolchain/bin/../lib/gcc/avr/4.9.2/avr5\libgcc.a(_divmodhi4.o) (__udivmodhi4)

Discarded input sections

 .data          0x00000000        0x0 C:/Program Files (x86)/Atmel/Studio/7.0/Packs/atmel/ATmega_DFP/1.1.130/gcc/dev/atmega325/avr5/crtatmega325.o
 .bss           0x00000000        0x0 C:/Program Files (x86)/Atmel/Studio/7.0/Packs/atmel/ATmega_DFP/1.1.130/gcc/dev/atmega325/avr5/crtatmega325.o
 .text          0x00000000        0x0 main.o
 .data          0x00000000        0x0 main.o
 .bss           0x00000000        0x0 main.o
 .text.USI_TWI_Master_Initialise
                0x00000000       0x1c main.o
 .text.USI_TWI_Master_Transfer
                0x00000000       0x3c main.o
 .text.USI_TWI_Start_Condition
                0x00000000       0x14 main.o
 .text.USI_TWI_Stop_Condition
                0x00000000       0x18 main.o
 .text.USI_TWI_Check_ACK
                0x00000000       0x18 main.o
 .text.USI_TWI_Write_Addr
                0x00000000       0x12 main.o
 .text.USI_TWI_Read_Byte
                0x00000000       0x26 main.o
 .text.FAT32_Addr
                0x00000000       0x24 main.o
 .text.Check_Response
                0x00000000       0x36 main.o
 .text.USART_Receive
                0x00000000       0x10 main.o
 .text.USART_putstring
                0x00000000       0x44 main.o
 .data.tempUSISR_1bit
                0x00000000        0x1 main.o
 .data.tempUSISR_8bit
                0x00000000        0x1 main.o
 .data.ACK_Rev  0x00000000        0x1 main.o
 .bss.music_end
                0x00000000        0x2 main.o
 .bss.music_ptr
                0x00000000        0x2 main.o
 .bss.tim_cnt   0x00000000        0x2 main.o
 .rodata.Guitar
                0x00000000        0x6 main.o
 .rodata.Alto_Sax
                0x00000000        0x6 main.o
 .rodata.Grand_Piano
                0x00000000        0x6 main.o
 .bss.temp_beam
                0x00000000        0x2 main.o
 .text          0x00000000        0x0 c:/program files (x86)/atmel/studio/7.0/toolchain/avr8/avr8-gnu-toolchain/bin/../lib/gcc/avr/4.9.2/avr5\libgcc.a(_divmodhi4.o)
 .data          0x00000000        0x0 c:/program files (x86)/atmel/studio/7.0/toolchain/avr8/avr8-gnu-toolchain/bin/../lib/gcc/avr/4.9.2/avr5\libgcc.a(_divmodhi4.o)
 .bss           0x00000000        0x0 c:/program files (x86)/atmel/studio/7.0/toolchain/avr8/avr8-gnu-toolchain/bin/../lib/gcc/avr/4.9.2/avr5\libgcc.a(_divmodhi4.o)
 .text.libgcc.mul
                0x00000000        0x0 c:/program files (x86)/atmel/studio/7.0/toolchain/avr8/avr8-gnu-toolchain/bin/../lib/gcc/avr/4.9.2/avr5\libgcc.a(_divmodhi4.o)
 .text.libgcc   0x00000000        0x0 c:/program files (x86)/atmel/studio/7.0/toolchain/avr8/avr8-gnu-toolchain/bin/../lib/gcc/avr/4.9.2/avr5\libgcc.a(_divmodhi4.o)
 .text.libgcc.prologue
                0x00000000        0x0 c:/program files (x86)/atmel/studio/7.0/toolchain/avr8/avr8-gnu-toolchain/bin/../lib/gcc/avr/4.9.2/avr5\libgcc.a(_divmodhi4.o)
 .text.libgcc.builtins
                0x00000000        0x0 c:/program files (x86)/atmel/studio/7.0/toolchain/avr8/avr8-gnu-toolchain/bin/../lib/gcc/avr/4.9.2/avr5\libgcc.a(_divmodhi4.o)
 .text.libgcc.fmul
                0x00000000        0x0 c:/program files (x86)/atmel/studio/7.0/toolchain/avr8/avr8-gnu-toolchain/bin/../lib/gcc/avr/4.9.2/avr5\libgcc.a(_divmodhi4.o)
 .text.libgcc.fixed
                0x00000000        0x0 c:/program files (x86)/atmel/studio/7.0/toolchain/avr8/avr8-gnu-toolchain/bin/../lib/gcc/avr/4.9.2/avr5\libgcc.a(_divmodhi4.o)
 .text          0x00000000        0x0 c:/program files (x86)/atmel/studio/7.0/toolchain/avr8/avr8-gnu-toolchain/bin/../lib/gcc/avr/4.9.2/avr5\libgcc.a(_exit.o)
 .data          0x00000000        0x0 c:/program files (x86)/atmel/studio/7.0/toolchain/avr8/avr8-gnu-toolchain/bin/../lib/gcc/avr/4.9.2/avr5\libgcc.a(_exit.o)
 .bss           0x00000000        0x0 c:/program files (x86)/atmel/studio/7.0/toolchain/avr8/avr8-gnu-toolchain/bin/../lib/gcc/avr/4.9.2/avr5\libgcc.a(_exit.o)
 .text.libgcc.mul
                0x00000000        0x0 c:/program files (x86)/atmel/studio/7.0/toolchain/avr8/avr8-gnu-toolchain/bin/../lib/gcc/avr/4.9.2/avr5\libgcc.a(_exit.o)
 .text.libgcc.div
                0x00000000        0x0 c:/program files (x86)/atmel/studio/7.0/toolchain/avr8/avr8-gnu-toolchain/bin/../lib/gcc/avr/4.9.2/avr5\libgcc.a(_exit.o)
 .text.libgcc   0x00000000        0x0 c:/program files (x86)/atmel/studio/7.0/toolchain/avr8/avr8-gnu-toolchain/bin/../lib/gcc/avr/4.9.2/avr5\libgcc.a(_exit.o)
 .text.libgcc.prologue
                0x00000000        0x0 c:/program files (x86)/atmel/studio/7.0/toolchain/avr8/avr8-gnu-toolchain/bin/../lib/gcc/avr/4.9.2/avr5\libgcc.a(_exit.o)
 .text.libgcc.builtins
                0x00000000        0x0 c:/program files (x86)/atmel/studio/7.0/toolchain/avr8/avr8-gnu-toolchain/bin/../lib/gcc/avr/4.9.2/avr5\libgcc.a(_exit.o)
 .text.libgcc.fmul
                0x00000000        0x0 c:/program files (x86)/atmel/studio/7.0/toolchain/avr8/avr8-gnu-toolchain/bin/../lib/gcc/avr/4.9.2/avr5\libgcc.a(_exit.o)
 .text.libgcc.fixed
                0x00000000        0x0 c:/program files (x86)/atmel/studio/7.0/toolchain/avr8/avr8-gnu-toolchain/bin/../lib/gcc/avr/4.9.2/avr5\libgcc.a(_exit.o)
 .text          0x00000000        0x0 c:/program files (x86)/atmel/studio/7.0/toolchain/avr8/avr8-gnu-toolchain/bin/../lib/gcc/avr/4.9.2/avr5\libgcc.a(_tablejump2.o)
 .data          0x00000000        0x0 c:/program files (x86)/atmel/studio/7.0/toolchain/avr8/avr8-gnu-toolchain/bin/../lib/gcc/avr/4.9.2/avr5\libgcc.a(_tablejump2.o)
 .bss           0x00000000        0x0 c:/program files (x86)/atmel/studio/7.0/toolchain/avr8/avr8-gnu-toolchain/bin/../lib/gcc/avr/4.9.2/avr5\libgcc.a(_tablejump2.o)
 .text.libgcc.mul
                0x00000000        0x0 c:/program files (x86)/atmel/studio/7.0/toolchain/avr8/avr8-gnu-toolchain/bin/../lib/gcc/avr/4.9.2/avr5\libgcc.a(_tablejump2.o)
 .text.libgcc.div
                0x00000000        0x0 c:/program files (x86)/atmel/studio/7.0/toolchain/avr8/avr8-gnu-toolchain/bin/../lib/gcc/avr/4.9.2/avr5\libgcc.a(_tablejump2.o)
 .text.libgcc.prologue
                0x00000000        0x0 c:/program files (x86)/atmel/studio/7.0/toolchain/avr8/avr8-gnu-toolchain/bin/../lib/gcc/avr/4.9.2/avr5\libgcc.a(_tablejump2.o)
 .text.libgcc.builtins
                0x00000000        0x0 c:/program files (x86)/atmel/studio/7.0/toolchain/avr8/avr8-gnu-toolchain/bin/../lib/gcc/avr/4.9.2/avr5\libgcc.a(_tablejump2.o)
 .text.libgcc.fmul
                0x00000000        0x0 c:/program files (x86)/atmel/studio/7.0/toolchain/avr8/avr8-gnu-toolchain/bin/../lib/gcc/avr/4.9.2/avr5\libgcc.a(_tablejump2.o)
 .text.libgcc.fixed
                0x00000000        0x0 c:/program files (x86)/atmel/studio/7.0/toolchain/avr8/avr8-gnu-toolchain/bin/../lib/gcc/avr/4.9.2/avr5\libgcc.a(_tablejump2.o)
 .text          0x00000000        0x0 c:/program files (x86)/atmel/studio/7.0/toolchain/avr8/avr8-gnu-toolchain/bin/../lib/gcc/avr/4.9.2/avr5\libgcc.a(_copy_data.o)
 .data          0x00000000        0x0 c:/program files (x86)/atmel/studio/7.0/toolchain/avr8/avr8-gnu-toolchain/bin/../lib/gcc/avr/4.9.2/avr5\libgcc.a(_copy_data.o)
 .bss           0x00000000        0x0 c:/program files (x86)/atmel/studio/7.0/toolchain/avr8/avr8-gnu-toolchain/bin/../lib/gcc/avr/4.9.2/avr5\libgcc.a(_copy_data.o)
 .text.libgcc.mul
                0x00000000        0x0 c:/program files (x86)/atmel/studio/7.0/toolchain/avr8/avr8-gnu-toolchain/bin/../lib/gcc/avr/4.9.2/avr5\libgcc.a(_copy_data.o)
 .text.libgcc.div
                0x00000000        0x0 c:/program files (x86)/atmel/studio/7.0/toolchain/avr8/avr8-gnu-toolchain/bin/../lib/gcc/avr/4.9.2/avr5\libgcc.a(_copy_data.o)
 .text.libgcc   0x00000000        0x0 c:/program files (x86)/atmel/studio/7.0/toolchain/avr8/avr8-gnu-toolchain/bin/../lib/gcc/avr/4.9.2/avr5\libgcc.a(_copy_data.o)
 .text.libgcc.prologue
                0x00000000        0x0 c:/program files (x86)/atmel/studio/7.0/toolchain/avr8/avr8-gnu-toolchain/bin/../lib/gcc/avr/4.9.2/avr5\libgcc.a(_copy_data.o)
 .text.libgcc.builtins
                0x00000000        0x0 c:/program files (x86)/atmel/studio/7.0/toolchain/avr8/avr8-gnu-toolchain/bin/../lib/gcc/avr/4.9.2/avr5\libgcc.a(_copy_data.o)
 .text.libgcc.fmul
                0x00000000        0x0 c:/program files (x86)/atmel/studio/7.0/toolchain/avr8/avr8-gnu-toolchain/bin/../lib/gcc/avr/4.9.2/avr5\libgcc.a(_copy_data.o)
 .text.libgcc.fixed
                0x00000000        0x0 c:/program files (x86)/atmel/studio/7.0/toolchain/avr8/avr8-gnu-toolchain/bin/../lib/gcc/avr/4.9.2/avr5\libgcc.a(_copy_data.o)
 .text          0x00000000        0x0 c:/program files (x86)/atmel/studio/7.0/toolchain/avr8/avr8-gnu-toolchain/bin/../lib/gcc/avr/4.9.2/avr5\libgcc.a(_clear_bss.o)
 .data          0x00000000        0x0 c:/program files (x86)/atmel/studio/7.0/toolchain/avr8/avr8-gnu-toolchain/bin/../lib/gcc/avr/4.9.2/avr5\libgcc.a(_clear_bss.o)
 .bss           0x00000000        0x0 c:/program files (x86)/atmel/studio/7.0/toolchain/avr8/avr8-gnu-toolchain/bin/../lib/gcc/avr/4.9.2/avr5\libgcc.a(_clear_bss.o)
 .text.libgcc.mul
                0x00000000        0x0 c:/program files (x86)/atmel/studio/7.0/toolchain/avr8/avr8-gnu-toolchain/bin/../lib/gcc/avr/4.9.2/avr5\libgcc.a(_clear_bss.o)
 .text.libgcc.div
                0x00000000        0x0 c:/program files (x86)/atmel/studio/7.0/toolchain/avr8/avr8-gnu-toolchain/bin/../lib/gcc/avr/4.9.2/avr5\libgcc.a(_clear_bss.o)
 .text.libgcc   0x00000000        0x0 c:/program files (x86)/atmel/studio/7.0/toolchain/avr8/avr8-gnu-toolchain/bin/../lib/gcc/avr/4.9.2/avr5\libgcc.a(_clear_bss.o)
 .text.libgcc.prologue
                0x00000000        0x0 c:/program files (x86)/atmel/studio/7.0/toolchain/avr8/avr8-gnu-toolchain/bin/../lib/gcc/avr/4.9.2/avr5\libgcc.a(_clear_bss.o)
 .text.libgcc.builtins
                0x00000000        0x0 c:/program files (x86)/atmel/studio/7.0/toolchain/avr8/avr8-gnu-toolchain/bin/../lib/gcc/avr/4.9.2/avr5\libgcc.a(_clear_bss.o)
 .text.libgcc.fmul
                0x00000000        0x0 c:/program files (x86)/atmel/studio/7.0/toolchain/avr8/avr8-gnu-toolchain/bin/../lib/gcc/avr/4.9.2/avr5\libgcc.a(_clear_bss.o)
 .text.libgcc.fixed
                0x00000000        0x0 c:/program files (x86)/atmel/studio/7.0/toolchain/avr8/avr8-gnu-toolchain/bin/../lib/gcc/avr/4.9.2/avr5\libgcc.a(_clear_bss.o)
 .text          0x00000000        0x0 c:/program files (x86)/atmel/studio/7.0/toolchain/avr8/avr8-gnu-toolchain/bin/../lib/gcc/avr/4.9.2/avr5\libgcc.a(_udivmodhi4.o)
 .data          0x00000000        0x0 c:/program files (x86)/atmel/studio/7.0/toolchain/avr8/avr8-gnu-toolchain/bin/../lib/gcc/avr/4.9.2/avr5\libgcc.a(_udivmodhi4.o)
 .bss           0x00000000        0x0 c:/program files (x86)/atmel/studio/7.0/toolchain/avr8/avr8-gnu-toolchain/bin/../lib/gcc/avr/4.9.2/avr5\libgcc.a(_udivmodhi4.o)
 .text.libgcc.mul
                0x00000000        0x0 c:/program files (x86)/atmel/studio/7.0/toolchain/avr8/avr8-gnu-toolchain/bin/../lib/gcc/avr/4.9.2/avr5\libgcc.a(_udivmodhi4.o)
 .text.libgcc   0x00000000        0x0 c:/program files (x86)/atmel/studio/7.0/toolchain/avr8/avr8-gnu-toolchain/bin/../lib/gcc/avr/4.9.2/avr5\libgcc.a(_udivmodhi4.o)
 .text.libgcc.prologue
                0x00000000        0x0 c:/program files (x86)/atmel/studio/7.0/toolchain/avr8/avr8-gnu-toolchain/bin/../lib/gcc/avr/4.9.2/avr5\libgcc.a(_udivmodhi4.o)
 .text.libgcc.builtins
                0x00000000        0x0 c:/program files (x86)/atmel/studio/7.0/toolchain/avr8/avr8-gnu-toolchain/bin/../lib/gcc/avr/4.9.2/avr5\libgcc.a(_udivmodhi4.o)
 .text.libgcc.fmul
                0x00000000        0x0 c:/program files (x86)/atmel/studio/7.0/toolchain/avr8/avr8-gnu-toolchain/bin/../lib/gcc/avr/4.9.2/avr5\libgcc.a(_udivmodhi4.o)
 .text.libgcc.fixed
                0x00000000        0x0 c:/program files (x86)/atmel/studio/7.0/toolchain/avr8/avr8-gnu-toolchain/bin/../lib/gcc/avr/4.9.2/avr5\libgcc.a(_udivmodhi4.o)

Memory Configuration

Name             Origin             Length             Attributes
text             0x00000000         0x00020000         xr
data             0x00800060         0x0000ffa0         rw !x
eeprom           0x00810000         0x00010000         rw !x
fuse             0x00820000         0x00000003         rw !x
lock             0x00830000         0x00000400         rw !x
signature        0x00840000         0x00000400         rw !x
user_signatures  0x00850000         0x00000400         rw !x
*default*        0x00000000         0xffffffff

Linker script and memory map

Address of section .data set to 0x800100
LOAD C:/Program Files (x86)/Atmel/Studio/7.0/Packs/atmel/ATmega_DFP/1.1.130/gcc/dev/atmega325/avr5/crtatmega325.o
LOAD main.o
START GROUP
LOAD c:/program files (x86)/atmel/studio/7.0/toolchain/avr8/avr8-gnu-toolchain/bin/../lib/gcc/avr/4.9.2/../../../../avr/lib/avr5\libm.a
END GROUP
START GROUP
LOAD c:/program files (x86)/atmel/studio/7.0/toolchain/avr8/avr8-gnu-toolchain/bin/../lib/gcc/avr/4.9.2/avr5\libgcc.a
LOAD c:/program files (x86)/atmel/studio/7.0/toolchain/avr8/avr8-gnu-toolchain/bin/../lib/gcc/avr/4.9.2/../../../../avr/lib/avr5\libm.a
LOAD c:/program files (x86)/atmel/studio/7.0/toolchain/avr8/avr8-gnu-toolchain/bin/../lib/gcc/avr/4.9.2/../../../../avr/lib/avr5\libc.a
LOAD C:/Program Files (x86)/Atmel/Studio/7.0/Packs/atmel/ATmega_DFP/1.1.130/gcc/dev/atmega325/avr5\libatmega325.a
END GROUP
                0x00020000                __TEXT_REGION_LENGTH__ = DEFINED (__TEXT_REGION_LENGTH__)?__TEXT_REGION_LENGTH__:0x20000
                0x0000ffa0                __DATA_REGION_LENGTH__ = DEFINED (__DATA_REGION_LENGTH__)?__DATA_REGION_LENGTH__:0xffa0
                0x00010000                __EEPROM_REGION_LENGTH__ = DEFINED (__EEPROM_REGION_LENGTH__)?__EEPROM_REGION_LENGTH__:0x10000
                [0x00000003]                __FUSE_REGION_LENGTH__ = DEFINED (__FUSE_REGION_LENGTH__)?__FUSE_REGION_LENGTH__:0x400
                0x00000400                __LOCK_REGION_LENGTH__ = DEFINED (__LOCK_REGION_LENGTH__)?__LOCK_REGION_LENGTH__:0x400
                0x00000400                __SIGNATURE_REGION_LENGTH__ = DEFINED (__SIGNATURE_REGION_LENGTH__)?__SIGNATURE_REGION_LENGTH__:0x400
                0x00000400                __USER_SIGNATURE_REGION_LENGTH__ = DEFINED (__USER_SIGNATURE_REGION_LENGTH__)?__USER_SIGNATURE_REGION_LENGTH__:0x400

.hash
 *(.hash)

.dynsym
 *(.dynsym)

.dynstr
 *(.dynstr)

.gnu.version
 *(.gnu.version)

.gnu.version_d
 *(.gnu.version_d)

.gnu.version_r
 *(.gnu.version_r)

.rel.init
 *(.rel.init)

.rela.init
 *(.rela.init)

.rel.text
 *(.rel.text)
 *(.rel.text.*)
 *(.rel.gnu.linkonce.t*)

.rela.text
 *(.rela.text)
 *(.rela.text.*)
 *(.rela.gnu.linkonce.t*)

.rel.fini
 *(.rel.fini)

.rela.fini
 *(.rela.fini)

.rel.rodata
 *(.rel.rodata)
 *(.rel.rodata.*)
 *(.rel.gnu.linkonce.r*)

.rela.rodata
 *(.rela.rodata)
 *(.rela.rodata.*)
 *(.rela.gnu.linkonce.r*)

.rel.data
 *(.rel.data)
 *(.rel.data.*)
 *(.rel.gnu.linkonce.d*)

.rela.data
 *(.rela.data)
 *(.rela.data.*)
 *(.rela.gnu.linkonce.d*)

.rel.ctors
 *(.rel.ctors)

.rela.ctors
 *(.rela.ctors)

.rel.dtors
 *(.rel.dtors)

.rela.dtors
 *(.rela.dtors)

.rel.got
 *(.rel.got)

.rela.got
 *(.rela.got)

.rel.bss
 *(.rel.bss)

.rela.bss
 *(.rela.bss)

.rel.plt
 *(.rel.plt)

.rela.plt
 *(.rela.plt)

.text           0x00000000     0x135c
 *(.vectors)
 .vectors       0x00000000       0x5c C:/Program Files (x86)/Atmel/Studio/7.0/Packs/atmel/ATmega_DFP/1.1.130/gcc/dev/atmega325/avr5/crtatmega325.o
                0x00000000                __vector_default
                0x00000000                __vectors
 *(.vectors)
 *(.progmem.gcc*)
 .progmem.gcc_sw_table.ADC_Channel_Select
                0x0000005c        0xe main.o
                0x0000006a                . = ALIGN (0x2)
                0x0000006a                __trampolines_start = .
 *(.trampolines)
 .trampolines   0x0000006a        0x0 linker stubs
 *(.trampolines*)
                0x0000006a                __trampolines_end = .
 *libprintf_flt.a:*(.progmem.data)
 *libc.a:*(.progmem.data)
 *(.progmem*)
                0x0000006a                . = ALIGN (0x2)
 *(.jumptables)
 *(.jumptables*)
 *(.lowtext)
 *(.lowtext*)
                0x0000006a                __ctors_start = .
 *(.ctors)
                0x0000006a                __ctors_end = .
                0x0000006a                __dtors_start = .
 *(.dtors)
                0x0000006a                __dtors_end = .
 SORT(*)(.ctors)
 SORT(*)(.dtors)
 *(.init0)
 .init0         0x0000006a        0x0 C:/Program Files (x86)/Atmel/Studio/7.0/Packs/atmel/ATmega_DFP/1.1.130/gcc/dev/atmega325/avr5/crtatmega325.o
                0x0000006a                __init
 *(.init0)
 *(.init1)
 *(.init1)
 *(.init2)
 .init2         0x0000006a        0xc C:/Program Files (x86)/Atmel/Studio/7.0/Packs/atmel/ATmega_DFP/1.1.130/gcc/dev/atmega325/avr5/crtatmega325.o
 *(.init2)
 *(.init3)
 *(.init3)
 *(.init4)
 .init4         0x00000076       0x16 c:/program files (x86)/atmel/studio/7.0/toolchain/avr8/avr8-gnu-toolchain/bin/../lib/gcc/avr/4.9.2/avr5\libgcc.a(_copy_data.o)
                0x00000076                __do_copy_data
 .init4         0x0000008c       0x10 c:/program files (x86)/atmel/studio/7.0/toolchain/avr8/avr8-gnu-toolchain/bin/../lib/gcc/avr/4.9.2/avr5\libgcc.a(_clear_bss.o)
                0x0000008c                __do_clear_bss
 *(.init4)
 *(.init5)
 *(.init5)
 *(.init6)
 *(.init6)
 *(.init7)
 *(.init7)
 *(.init8)
 *(.init8)
 *(.init9)
 .init9         0x0000009c        0x8 C:/Program Files (x86)/Atmel/Studio/7.0/Packs/atmel/ATmega_DFP/1.1.130/gcc/dev/atmega325/avr5/crtatmega325.o
 *(.init9)
 *(.text)
 .text          0x000000a4        0x4 C:/Program Files (x86)/Atmel/Studio/7.0/Packs/atmel/ATmega_DFP/1.1.130/gcc/dev/atmega325/avr5/crtatmega325.o
                0x000000a4                __vector_22
                0x000000a4                __vector_1
                0x000000a4                __vector_12
                0x000000a4                __bad_interrupt
                0x000000a4                __vector_6
                0x000000a4                __vector_3
                0x000000a4                __vector_11
                0x000000a4                __vector_13
                0x000000a4                __vector_17
                0x000000a4                __vector_7
                0x000000a4                __vector_5
                0x000000a4                __vector_4
                0x000000a4                __vector_9
                0x000000a4                __vector_2
                0x000000a4                __vector_21
                0x000000a4                __vector_15
                0x000000a4                __vector_8
                0x000000a4                __vector_14
                0x000000a4                __vector_16
                0x000000a4                __vector_18
                0x000000a4                __vector_20
                0x000000a8                . = ALIGN (0x2)
 *(.text.*)
 .text.ADC_Channel_Select
                0x000000a8       0x70 main.o
                0x000000a8                ADC_Channel_Select
 .text.adc_start
                0x00000118        0xc main.o
                0x00000118                adc_start
 .text.adc_init
                0x00000124       0x26 main.o
                0x00000124                adc_init
 .text.Toggle   0x0000014a        0xe main.o
                0x0000014a                Toggle
 .text.Check_Busy
                0x00000158       0x24 main.o
                0x00000158                Check_Busy
 .text.Send_Command
                0x0000017c       0x1a main.o
                0x0000017c                Send_Command
 .text.lcd_init
                0x00000196       0x80 main.o
                0x00000196                lcd_init
 .text.Send_Char
                0x00000216       0x18 main.o
                0x00000216                Send_Char
 .text.Clear_Line
                0x0000022e       0x1a main.o
                0x0000022e                Clear_Line
 .text.Send_String
                0x00000248       0x44 main.o
                0x00000248                Send_String
 .text.SPI_Clock_Change
                0x0000028c       0x80 main.o
                0x0000028c                SPI_Clock_Change
 .text.Address_Byte
                0x0000030c       0x10 main.o
                0x0000030c                Address_Byte
 .text.SPI_Master_init
                0x0000031c        0xe main.o
                0x0000031c                SPI_Master_init
 .text.SPI_Master_Write
                0x0000032a        0xc main.o
                0x0000032a                SPI_Master_Write
 .text.Clock_Pulse
                0x00000336       0x1a main.o
                0x00000336                Clock_Pulse
 .text.SD_command
                0x00000350       0x90 main.o
                0x00000350                SD_command
 .text.SD_init  0x000003e0       0x72 main.o
                0x000003e0                SD_init
 .text.SD_Read_Single
                0x00000452      0x162 main.o
                0x00000452                SD_Read_Single
 .text.SD_2_Buffer
                0x000005b4       0x4c main.o
                0x000005b4                SD_2_Buffer
 .text.MIDI_Buffer
                0x00000600       0x3e main.o
                0x00000600                MIDI_Buffer
 .text.timer_init
                0x0000063e       0x10 main.o
                0x0000063e                timer_init
 .text.USART_Transmit
                0x0000064e       0x10 main.o
                0x0000064e                USART_Transmit
 .text.USART_Init
                0x0000065e       0x16 main.o
                0x0000065e                USART_Init
 .text.Clock_Prescale
                0x00000674        0xc main.o
                0x00000674                Clock_Prescale
 .text.LCD_Disp_First
                0x00000680       0x8c main.o
                0x00000680                LCD_Disp_First
 .text.LCD_Disp_Second
                0x0000070c       0x38 main.o
                0x0000070c                LCD_Disp_Second
 .text.LCD_Disp_Third
                0x00000744       0x5e main.o
                0x00000744                LCD_Disp_Third
 .text.LCD_Disp_Fourth
                0x000007a2       0x10 main.o
                0x000007a2                LCD_Disp_Fourth
 .text.Music_File_Addr
                0x000007b2       0x34 main.o
                0x000007b2                Music_File_Addr
 .text.Hand_Detection
                0x000007e6      0x15a main.o
                0x000007e6                Hand_Detection
 .text.Midi_Switch_Instrument
                0x00000940       0x9e main.o
                0x00000940                Midi_Switch_Instrument
 .text.laser_Initilazation
                0x000009de       0x16 main.o
                0x000009de                laser_Initilazation
 .text.laser_Finder
                0x000009f4       0xc8 main.o
                0x000009f4                laser_Finder
 .text.Index_2_Music
                0x00000abc       0x5e main.o
                0x00000abc                Index_2_Music
 .text.Demutiplexer_Output
                0x00000b1a      0x29e main.o
                0x00000b1a                Demutiplexer_Output
 .text.array_sorter
                0x00000db8       0x5e main.o
                0x00000db8                array_sorter
 .text.ADC_quantization
                0x00000e16       0x6e main.o
                0x00000e16                ADC_quantization
 .text.main     0x00000e84       0xaa main.o
                0x00000e84                main
 .text.__vector_19
                0x00000f2e       0xba main.o
                0x00000f2e                __vector_19
 .text.__vector_10
                0x00000fe8      0x314 main.o
                0x00000fe8                __vector_10
 .text.libgcc.div
                0x000012fc       0x28 c:/program files (x86)/atmel/studio/7.0/toolchain/avr8/avr8-gnu-toolchain/bin/../lib/gcc/avr/4.9.2/avr5\libgcc.a(_divmodhi4.o)
                0x000012fc                _div
                0x000012fc                __divmodhi4
 .text.libgcc   0x00001324        0xc c:/program files (x86)/atmel/studio/7.0/toolchain/avr8/avr8-gnu-toolchain/bin/../lib/gcc/avr/4.9.2/avr5\libgcc.a(_tablejump2.o)
                0x00001324                __tablejump2__
 .text.libgcc.div
                0x00001330       0x28 c:/program files (x86)/atmel/studio/7.0/toolchain/avr8/avr8-gnu-toolchain/bin/../lib/gcc/avr/4.9.2/avr5\libgcc.a(_udivmodhi4.o)
                0x00001330                __udivmodhi4
                0x00001358                . = ALIGN (0x2)
 *(.fini9)
 .fini9         0x00001358        0x0 c:/program files (x86)/atmel/studio/7.0/toolchain/avr8/avr8-gnu-toolchain/bin/../lib/gcc/avr/4.9.2/avr5\libgcc.a(_exit.o)
                0x00001358                _exit
                0x00001358                exit
 *(.fini9)
 *(.fini8)
 *(.fini8)
 *(.fini7)
 *(.fini7)
 *(.fini6)
 *(.fini6)
 *(.fini5)
 *(.fini5)
 *(.fini4)
 *(.fini4)
 *(.fini3)
 *(.fini3)
 *(.fini2)
 *(.fini2)
 *(.fini1)
 *(.fini1)
 *(.fini0)
 .fini0         0x00001358        0x4 c:/program files (x86)/atmel/studio/7.0/toolchain/avr8/avr8-gnu-toolchain/bin/../lib/gcc/avr/4.9.2/avr5\libgcc.a(_exit.o)
 *(.fini0)
                0x0000135c                _etext = .

.data           0x00800100       0xb6 load address 0x0000135c
                0x00800100                PROVIDE (__data_start, .)
 *(.data)
 *(.data*)
 .data.music3   0x00800100       0x10 main.o
                0x00800100                music3
 .data.music2   0x00800110        0xe main.o
                0x00800110                music2
 .data.music1   0x0080011e       0x11 main.o
                0x0080011e                music1
 .data.note_buffer
                0x0080012f       0x15 main.o
                0x0080012f                note_buffer
 .data.free_mode_flag
                0x00800144        0x2 main.o
                0x00800144                free_mode_flag
 .data.pre_MODE_flag
                0x00800146        0x2 main.o
                0x00800146                pre_MODE_flag
 .data.pre_OK_flag
                0x00800148        0x2 main.o
                0x00800148                pre_OK_flag
 .data.pre_NEXT_flag
                0x0080014a        0x2 main.o
                0x0080014a                pre_NEXT_flag
 .data.pre_TIMBRE_flag
                0x0080014c        0x2 main.o
                0x0080014c                pre_TIMBRE_flag
 *(.rodata)
 *(.rodata*)
 .rodata.str1.1
                0x0080014e       0x67 main.o
 *(.gnu.linkonce.d*)
                0x008001b6                . = ALIGN (0x2)
 *fill*         0x008001b5        0x1 
                0x008001b6                _edata = .
                0x008001b6                PROVIDE (__data_end, .)

.bss            0x008001b6      0x421
                0x008001b6                PROVIDE (__bss_start, .)
 *(.bss)
 *(.bss*)
 .bss.midi_cnt  0x008001b6        0x2 main.o
                0x008001b6                midi_cnt
 .bss.timeout   0x008001b8        0x6 main.o
                0x008001b8                timeout
 .bss.cur_music
                0x008001be        0x2 main.o
                0x008001be                cur_music
 .bss.index_buff_ptr
                0x008001c0        0x2 main.o
                0x008001c0                index_buff_ptr
 .bss.time_buff_ptr
                0x008001c2        0x2 main.o
                0x008001c2                time_buff_ptr
 .bss.index_ptr
                0x008001c4        0x2 main.o
                0x008001c4                index_ptr
 .bss.time_ptr  0x008001c6        0x2 main.o
                0x008001c6                time_ptr
 .bss.music_buff
                0x008001c8       0xb9 main.o
                0x008001c8                music_buff
 .bss.index_buff
                0x00800281       0x8c main.o
                0x00800281                index_buff
 .bss.time_buff
                0x0080030d       0x32 main.o
                0x0080030d                time_buff
 .bss.sd_data   0x0080033f      0x200 main.o
                0x0080033f                sd_data
 .bss.sd_addr   0x0080053f        0x4 main.o
                0x0080053f                sd_addr
 .bss.sd_response
                0x00800543        0x6 main.o
                0x00800543                sd_response
 .bss.cur_music_ok
                0x00800549        0x2 main.o
                0x00800549                cur_music_ok
 .bss.check     0x0080054b        0x2 main.o
                0x0080054b                check
 .bss.adc_flag  0x0080054d        0x2 main.o
                0x0080054d                adc_flag
 .bss.prehandflag_buffer
                0x0080054f       0x10 main.o
                0x0080054f                prehandflag_buffer
 .bss.handflag_buffer
                0x0080055f       0x10 main.o
                0x0080055f                handflag_buffer
 .bss.adc_buffer
                0x0080056f       0x10 main.o
                0x0080056f                adc_buffer
 .bss.adc_sensitive_detect
                0x0080057f       0x10 main.o
                0x0080057f                adc_sensitive_detect
 .bss.adc_channel
                0x0080058f        0x2 main.o
                0x0080058f                adc_channel
 .bss.compare_value
                0x00800591        0x2 main.o
                0x00800591                compare_value
 .bss.sorted_array
                0x00800593        0xe main.o
                0x00800593                sorted_array
 .bss.result_array
                0x008005a1        0xe main.o
                0x008005a1                result_array
 .bss.Autoplay_flag
                0x008005af        0x2 main.o
                0x008005af                Autoplay_flag
 .bss.time_mark6
                0x008005b1        0x2 main.o
                0x008005b1                time_mark6
 .bss.time_mark5
                0x008005b3        0x2 main.o
                0x008005b3                time_mark5
 .bss.time_mark4
                0x008005b5        0x2 main.o
                0x008005b5                time_mark4
 .bss.time_mark3
                0x008005b7        0x2 main.o
                0x008005b7                time_mark3
 .bss.time_mark2
                0x008005b9        0x2 main.o
                0x008005b9                time_mark2
 .bss.time_mark1
                0x008005bb        0x2 main.o
                0x008005bb                time_mark1
 .bss.time_mark0
                0x008005bd        0x2 main.o
                0x008005bd                time_mark0
 .bss.half_second_counter
                0x008005bf        0x2 main.o
                0x008005bf                half_second_counter
 .bss.beam_flag6
                0x008005c1        0x2 main.o
                0x008005c1                beam_flag6
 .bss.beam_flag5
                0x008005c3        0x2 main.o
                0x008005c3                beam_flag5
 .bss.beam_flag4
                0x008005c5        0x2 main.o
                0x008005c5                beam_flag4
 .bss.beam_flag3
                0x008005c7        0x2 main.o
                0x008005c7                beam_flag3
 .bss.beam_flag2
                0x008005c9        0x2 main.o
                0x008005c9                beam_flag2
 .bss.beam_flag1
                0x008005cb        0x2 main.o
                0x008005cb                beam_flag1
 .bss.beam_flag0
                0x008005cd        0x2 main.o
                0x008005cd                beam_flag0
 .bss.beam      0x008005cf        0x2 main.o
                0x008005cf                beam
 .bss.Instrument_Type
                0x008005d1        0x2 main.o
                0x008005d1                Instrument_Type
 .bss.change_instrument_flag
                0x008005d3        0x2 main.o
                0x008005d3                change_instrument_flag
 .bss.led_flag  0x008005d5        0x2 main.o
                0x008005d5                led_flag
 *(COMMON)
                0x008005d7                PROVIDE (__bss_end, .)
                0x0000135c                __data_load_start = LOADADDR (.data)
                0x00001412                __data_load_end = (__data_load_start + SIZEOF (.data))

.noinit         0x008005d7        0x0
                [!provide]                PROVIDE (__noinit_start, .)
 *(.noinit*)
                [!provide]                PROVIDE (__noinit_end, .)
                0x008005d7                _end = .
                [!provide]                PROVIDE (__heap_start, .)

.eeprom         0x00810000        0x0
 *(.eeprom*)
                0x00810000                __eeprom_end = .

.fuse
 *(.fuse)
 *(.lfuse)
 *(.hfuse)
 *(.efuse)

.lock
 *(.lock*)

.signature
 *(.signature*)

.user_signatures
 *(.user_signatures*)

.stab
 *(.stab)

.stabstr
 *(.stabstr)

.stab.excl
 *(.stab.excl)

.stab.exclstr
 *(.stab.exclstr)

.stab.index
 *(.stab.index)

.stab.indexstr
 *(.stab.indexstr)

.comment        0x00000000       0x30
 *(.comment)
 .comment       0x00000000       0x30 main.o
                                 0x31 (size before relaxing)

.note.gnu.avr.deviceinfo
                0x00000000       0x3c
 .note.gnu.avr.deviceinfo
                0x00000000       0x3c C:/Program Files (x86)/Atmel/Studio/7.0/Packs/atmel/ATmega_DFP/1.1.130/gcc/dev/atmega325/avr5/crtatmega325.o

.note.gnu.build-id
 *(.note.gnu.build-id)

.debug
 *(.debug)

.line
 *(.line)

.debug_srcinfo
 *(.debug_srcinfo)

.debug_sfnames
 *(.debug_sfnames)

.debug_aranges  0x00000000      0x1b0
 *(.debug_aranges)
 .debug_aranges
                0x00000000      0x1b0 main.o

.debug_pubnames
 *(.debug_pubnames)

.debug_info     0x00000000     0x2600
 *(.debug_info .gnu.linkonce.wi.*)
 .debug_info    0x00000000      0x64e C:/Program Files (x86)/Atmel/Studio/7.0/Packs/atmel/ATmega_DFP/1.1.130/gcc/dev/atmega325/avr5/crtatmega325.o
 .debug_info    0x0000064e     0x1fb2 main.o

.debug_abbrev   0x00000000      0x9cf
 *(.debug_abbrev)
 .debug_abbrev  0x00000000      0x5f7 C:/Program Files (x86)/Atmel/Studio/7.0/Packs/atmel/ATmega_DFP/1.1.130/gcc/dev/atmega325/avr5/crtatmega325.o
 .debug_abbrev  0x000005f7      0x3d8 main.o

.debug_line     0x00000000     0x1366
 *(.debug_line .debug_line.* .debug_line_end)
 .debug_line    0x00000000      0x121 C:/Program Files (x86)/Atmel/Studio/7.0/Packs/atmel/ATmega_DFP/1.1.130/gcc/dev/atmega325/avr5/crtatmega325.o
 .debug_line    0x00000121     0x1245 main.o

.debug_frame    0x00000000      0x538
 *(.debug_frame)
 .debug_frame   0x00000000      0x538 main.o

.debug_str      0x00000000      0xa79
 *(.debug_str)
 .debug_str     0x00000000      0x21f C:/Program Files (x86)/Atmel/Studio/7.0/Packs/atmel/ATmega_DFP/1.1.130/gcc/dev/atmega325/avr5/crtatmega325.o
 .debug_str     0x0000021f      0x85a main.o
                                0x8c8 (size before relaxing)

.debug_loc      0x00000000     0x13a7
 *(.debug_loc)
 .debug_loc     0x00000000     0x13a7 main.o

.debug_macinfo
 *(.debug_macinfo)

.debug_weaknames
 *(.debug_weaknames)

.debug_funcnames
 *(.debug_funcnames)

.debug_typenames
 *(.debug_typenames)

.debug_varnames
 *(.debug_varnames)

.debug_pubtypes
 *(.debug_pubtypes)

.debug_ranges   0x00000000      0x1b8
 *(.debug_ranges)
 .debug_ranges  0x00000000      0x1b8 main.o

.debug_macro
 *(.debug_macro)
OUTPUT(Integ_325.elf elf32-avr)
LOAD linker stubs
